Dorian 3
Gray's 3
Harry. 1
exhibit 3
explain 2
picture. 3
reason 4
reason. 3